[colorlib.com/preview/theme/crossbody/index.html]
[backblue.gif]
[fade.gif]
[index.html]
[colorlib.com/preview/theme/crossbody/css/open-iconic-bootstrap.min.css]
[colorlib.com/preview/theme/crossbody/css/animate.css]
[colorlib.com/preview/theme/crossbody/css/owl.carousel.min.css]
[colorlib.com/preview/theme/crossbody/css/owl.theme.default.min.css]
[colorlib.com/preview/theme/crossbody/css/magnific-popup.css]
[colorlib.com/preview/theme/crossbody/css/aos.css]
[colorlib.com/preview/theme/crossbody/css/ionicons.min.css]
[colorlib.com/preview/theme/crossbody/css/bootstrap-datepicker.css]
[colorlib.com/preview/theme/crossbody/css/jquery.timepicker.css]
[colorlib.com/preview/theme/crossbody/css/flaticon.css]
[colorlib.com/preview/theme/crossbody/css/icomoon.css]
[colorlib.com/preview/theme/crossbody/css/style.css]
[colorlib.com/preview/theme/crossbody/index-2.html]
[colorlib.com/preview/theme/crossbody/about.html]
[colorlib.com/preview/theme/crossbody/classes.html]
[colorlib.com/preview/theme/crossbody/trainers.html]
[colorlib.com/preview/theme/crossbody/pricing.html]
[colorlib.com/preview/theme/crossbody/blog.html]
[colorlib.com/preview/theme/crossbody/contact.html]
[colorlib.com/preview/theme/crossbody/images/bg_2.jpg]
[colorlib.com/preview/theme/crossbody/images/bg_1.jpg]
[colorlib.com/preview/theme/crossbody/images/program-1.jpg]
[colorlib.com/preview/theme/crossbody/images/program-2.jpg]
[colorlib.com/preview/theme/crossbody/images/program-3.jpg]
[colorlib.com/preview/theme/crossbody/images/bg_2-1.jpg]
[colorlib.com/preview/theme/crossbody/images/trainer-1.jpg]
[colorlib.com/preview/theme/crossbody/images/trainer-2.jpg]
[colorlib.com/preview/theme/crossbody/images/trainer-3.jpg]
[colorlib.com/preview/theme/crossbody/images/trainer-4.jpg]
[colorlib.com/preview/theme/crossbody/images/bg_4.jpg]
[colorlib.com/preview/theme/crossbody/images/person_1.jpg]
[colorlib.com/preview/theme/crossbody/images/person_2.jpg]
[colorlib.com/preview/theme/crossbody/images/person_3.jpg]
[colorlib.com/preview/theme/crossbody/blog-single.html]
[colorlib.com/preview/theme/crossbody/images/image_1.jpg]
[colorlib.com/preview/theme/crossbody/images/image_2.jpg]
[colorlib.com/preview/theme/crossbody/images/image_3.jpg]
[colorlib.com/preview/theme/crossbody/gallery.html]
[colorlib.com/preview/theme/crossbody/images/gallery-1.jpg]
[colorlib.com/preview/theme/crossbody/images/gallery-2.jpg]
[colorlib.com/preview/theme/crossbody/images/gallery-3.jpg]
[colorlib.com/preview/theme/crossbody/images/gallery-4.jpg]
[colorlib.com/cdn-cgi/scripts/5c5dd728/cloudflare-static/email-decode.min.js]
[colorlib.com/preview/theme/crossbody/js/jquery.min.js]
[colorlib.com/preview/theme/crossbody/js/jquery-migrate-3.0.1.min.js]
[colorlib.com/preview/theme/crossbody/js/popper.min.js]
[colorlib.com/preview/theme/crossbody/js/bootstrap.min.js]
[colorlib.com/preview/theme/crossbody/js/jquery.easing.1.3.js]
[colorlib.com/preview/theme/crossbody/js/jquery.waypoints.min.js]
[colorlib.com/preview/theme/crossbody/js/jquery.stellar.min.js]
[colorlib.com/preview/theme/crossbody/js/owl.carousel.min.js]
[colorlib.com/preview/theme/crossbody/js/jquery.magnific-popup.min.js]
[colorlib.com/preview/theme/crossbody/js/aos.js]
[colorlib.com/preview/theme/crossbody/js/jquery.animateNumber.min.js]
[colorlib.com/preview/theme/crossbody/js/bootstrap-datepicker.js]
[colorlib.com/preview/theme/crossbody/js/jquery.timepicker.min.js]
[colorlib.com/preview/theme/crossbody/js/scrollax.min.js]
[colorlib.com/preview/theme/crossbody/js/google-map.js]
[colorlib.com/preview/theme/crossbody/js/main.js]
[colorlib.com/preview/theme/crossbody/index.html]
[ajax.cloudflare.com/cdn-cgi/scripts/a2bd7673/cloudflare-static/rocket-loader.min.js]
[colorlib.com/preview/theme/crossbody/fonts/open-iconic/open-iconic.eot]
[colorlib.com/preview/theme/crossbody/fonts/open-iconic/open-iconicd41d.eot]
[colorlib.com/preview/theme/crossbody/fonts/open-iconic/open-iconic.woff]
[colorlib.com/preview/theme/crossbody/fonts/open-iconic/open-iconic.ttf]
[colorlib.com/preview/theme/crossbody/fonts/open-iconic/open-iconic.otf]
[colorlib.com/preview/theme/crossbody/css/open-iconic-bootstrap.min.css]
[colorlib.com/preview/theme/crossbody/css/animate.css]
[colorlib.com/preview/theme/crossbody/fonts/open-iconic/open-iconic.svg]
[colorlib.com/preview/theme/crossbody/css/owl.video.play.png]
[colorlib.com/preview/theme/crossbody/css/owl.carousel.min.css]
[colorlib.com/preview/theme/crossbody/css/owl.theme.default.min.css]
[colorlib.com/preview/theme/crossbody/css/magnific-popup.css]
[colorlib.com/preview/theme/crossbody/css/aos.css]
[colorlib.com/preview/theme/crossbody/fonts/ionicons/fonts/ionicons580c.eot]
[colorlib.com/preview/theme/crossbody/fonts/ionicons/fonts/ionicons580c.woff2]
[colorlib.com/preview/theme/crossbody/fonts/ionicons/fonts/ionicons580c.woff]
[colorlib.com/preview/theme/crossbody/fonts/ionicons/fonts/ionicons580c.ttf]
[colorlib.com/preview/theme/crossbody/css/ionicons.min.css]
[colorlib.com/preview/theme/crossbody/css/bootstrap-datepicker.css]
[colorlib.com/preview/theme/crossbody/css/jquery.timepicker.css]
[colorlib.com/preview/theme/crossbody/fonts/ionicons/fonts/ionicons580c.svg]
[colorlib.com/preview/theme/crossbody/fonts/flaticon/font/Flaticon.eot]
[colorlib.com/preview/theme/crossbody/fonts/flaticon/font/Flaticond41d.eot]
[colorlib.com/preview/theme/crossbody/fonts/flaticon/font/Flaticon.woff]
[colorlib.com/preview/theme/crossbody/fonts/flaticon/font/Flaticon.ttf]
[colorlib.com/preview/theme/crossbody/css/flaticon.css]
[colorlib.com/preview/theme/crossbody/fonts/flaticon/font/Flaticon.svg]
[colorlib.com/preview/theme/crossbody/fonts/icomoon/icomoonccfb.eot]
[colorlib.com/preview/theme/crossbody/fonts/icomoon/icomoonccfb.ttf]
[colorlib.com/preview/theme/crossbody/fonts/icomoon/icomoonccfb.woff]
[colorlib.com/preview/theme/crossbody/css/icomoon.css]
[colorlib.com/preview/theme/crossbody/images/logo-bg.jpg]
[colorlib.com/preview/theme/crossbody/css/style.css]
[colorlib.com/preview/theme/crossbody/index-2.html]
[colorlib.com/preview/theme/crossbody/fonts/icomoon/icomoonccfb.svg]
[colorlib.com/preview/theme/crossbody/images/about.jpg]
[colorlib.com/preview/theme/crossbody/about.html]
[colorlib.com/preview/theme/crossbody/classes.html]
[colorlib.com/preview/theme/crossbody/trainers.html]
[colorlib.com/preview/theme/crossbody/images/program-4.jpg]
[colorlib.com/preview/theme/crossbody/images/program-5.jpg]
[colorlib.com/preview/theme/crossbody/images/program-6.jpg]
[colorlib.com/preview/theme/crossbody/pricing.html]
[colorlib.com/preview/theme/crossbody/images/image_4.jpg]
[colorlib.com/preview/theme/crossbody/images/image_5.jpg]
[colorlib.com/preview/theme/crossbody/images/image_6.jpg]
[colorlib.com/preview/theme/crossbody/blog.html]
[colorlib.com/preview/theme/crossbody/contact.html]
[colorlib.com/preview/theme/crossbody/images/person_4.jpg]
[colorlib.com/preview/theme/crossbody/blog-single.html]
[colorlib.com/preview/theme/crossbody/gallery.html]
[colorlib.com/preview/theme/crossbody/fonts/open-iconic/open-iconic.svg]
[colorlib.com/preview/theme/crossbody/css/owl.video.play.html]
[colorlib.com/preview/theme/crossbody/fonts/ionicons/fonts/ionicons580c.svg]
[colorlib.com/preview/theme/crossbody/fonts/flaticon/font/Flaticon.svg]
[colorlib.com/preview/theme/crossbody/fonts/icomoon/icomoonccfb.svg]
